error[E0308]: method not compatible with trait
  --> $DIR/issue-37884.rs:5:5
   |
LL | /     fn next(&'a mut self) -> Option<Self::Item>
LL | |
LL | |     {
LL | |         Some(&mut self.0)
LL | |     }
   | |_____^ one type is more general than the other
   |
   = note: expected fn pointer `for<'r> fn(&'r mut RepeatMut<'a, T>) -> std::option::Option<_>`
              found fn pointer `fn(&'a mut RepeatMut<'a, T>) -> std::option::Option<_>`

error: aborting due to previous error

For more information about this error, try `rustc --explain E0308`.
