error[E0277]: the trait bound `std::string::String: std::marker::Copy` is not satisfied
  --> $DIR/assoc-type-eq-with-dyn-atb-fail.rs:26:28
   |
LL |     type Out = Box<dyn Bar<Assoc: Copy>>;
   |                            ^^^^^^^^^^^ the trait `std::marker::Copy` is not implemented for `std::string::String`

error: aborting due to previous error

For more information about this error, try `rustc --explain E0277`.
