warning: the feature `specialization` is incomplete and may not be safe to use and/or cause compiler crashes
  --> $DIR/issue-38091-2.rs:1:12
   |
LL | #![feature(specialization)]
   |            ^^^^^^^^^^^^^^
   |
   = note: `#[warn(incomplete_features)]` on by default
   = note: see issue #31844 <https://github.com/rust-lang/rust/issues/31844> for more information

error[E0275]: overflow evaluating the requirement `T: Check`
  --> $DIR/issue-38091-2.rs:17:13
   |
LL | trait Check {}
   | ----------- required by this bound in `Check`
LL | impl<'a, T> Check for T where <T as Iterate<'a>>::Ty: Valid {}
   |             ^^^^^

error: aborting due to previous error; 1 warning emitted

For more information about this error, try `rustc --explain E0275`.
